###  Breakdown analyzer  ###
CIFS v1 protocol: Data transmission has not been detected.
###  Breakdown analyzer  ###
CIFS v2 protocol: Data transmission has not been detected.
###  Breakdown analyzer  ###
NFS v3 protocol: Data transmission has not been detected.
###  Breakdown analyzer  ###
NFS v4.0 protocol: Data transmission has not been detected.
###  Breakdown analyzer  ###
NFS v4.1 protocol: Data transmission has not been detected.
